// Jest Snapshot v1, https://goo.gl/fbAQLP

exports[`Player Player should render correctly 1`] = `
<div>
  loading!
</div>
`;
