// Jest Snapshot v1, https://goo.gl/fbAQLP

exports[`Should MovieList render Correctly 1`] = `
<div
  className="catalog__movies-list"
>
  <article
    className="small-movie-card catalog_movies-card"
    onClick={[Function]}
    onMouseOut={[Function]}
    onMouseOver={[Function]}
  >
    <div
      className="small-movie-card__image"
    >
      <video
        height="175"
        poster="/img/the-grand-budapest-hotel-poster.jpg"
        src="https://download.blender.org/durian/trailer/sintel_trailer-480p.mp4"
        width="280"
      />
    </div>
    <h3
      className="small-movie-card__title"
    >
      <a
        className="small-movie-card__link"
        href="movie-page.html"
      >
        Fantastic Beasts: The Crimes of Grindelwald
      </a>
    </h3>
  </article>
  <article
    className="small-movie-card catalog_movies-card"
    onClick={[Function]}
    onMouseOut={[Function]}
    onMouseOver={[Function]}
  >
    <div
      className="small-movie-card__image"
    >
      <video
        height="175"
        poster="/img/the-grand-budapest-hotel-poster.jpg"
        src="https://download.blender.org/durian/trailer/sintel_trailer-480p.mp4"
        width="280"
      />
    </div>
    <h3
      className="small-movie-card__title"
    >
      <a
        className="small-movie-card__link"
        href="movie-page.html"
      >
        Bohemian Rhapsody
      </a>
    </h3>
  </article>
</div>
`;
