// Jest Snapshot v1, https://goo.gl/fbAQLP

exports[`Should MoviePage render correctly 1`] = `
Array [
  <section
    className="movie-card movie-card--full"
  >
    <div
      className="movie-card__hero"
    >
      <div
        className="movie-card__bg"
      >
        <img
          alt="Bohemian Rhapsody"
          src="/img/bg-the-grand-budapest-hotel.jpg"
        />
      </div>
      <h1
        className="visually-hidden"
      >
        WTW
      </h1>
      <header
        className="page-header movie-card__head"
      >
        <div
          className="logo"
        >
          <a
            className="logo__link"
            href="/"
            onClick={[Function]}
          >
            <span
              className="logo__letter logo__letter--1"
            >
              W
            </span>
            <span
              className="logo__letter logo__letter--2"
            >
              T
            </span>
            <span
              className="logo__letter logo__letter--3"
            >
              W
            </span>
          </a>
        </div>
        <a
          className="user-block"
          href="/mylist"
          onClick={[Function]}
        >
          <div
            className="user-block__avatar"
          >
            <img
              alt="Yo"
              height="63"
              src="/pic1.jpg"
              width="63"
            />
          </div>
        </a>
        <div
          className="user-block"
        >
          <button
            className="user-block__link btn"
            onClick={[Function]}
          >
            Logout
          </button>
        </div>
      </header>
      <div
        className="movie-card__wrap"
      >
        <div
          className="movie-card__desc"
        >
          <h2
            className="movie-card__title"
          >
            Bohemian Rhapsody
          </h2>
          <p
            className="movie-card__meta"
          >
            <span
              className="movie-card__genre"
            >
              Documentary
            </span>
            <span
              className="movie-card__year"
            >
              2017
            </span>
          </p>
          <div
            className="movie-card__buttons"
          >
            <a
              className="btn btn--play movie-card__button"
              href="/player/2"
              onClick={[Function]}
            >
              <svg
                height="19"
                viewBox="0 0 19 19"
                width="19"
              >
                <use
                  xlinkHref="#play-s"
                />
              </svg>
              <span>
                Play
              </span>
            </a>
            <button
              className="btn btn--list movie-card__button"
              onClick={[Function]}
              type="button"
            >
              <svg
                height="20"
                viewBox="0 0 19 20"
                width="19"
              >
                <use
                  xlinkHref="#add"
                />
              </svg>
              <span>
                My list
              </span>
            </button>
            <a
              className="btn movie-card__button"
              href="/2/review"
              onClick={[Function]}
            >
              Add review
            </a>
          </div>
        </div>
      </div>
    </div>
    <div
      className="movie-card__wrap movie-card__translate-top"
    >
      <div
        className="movie-card__info"
      >
        <div
          className="movie-card__poster movie-card__poster--big"
        >
          <img
            alt="Bohemian Rhapsody"
            height="327"
            src="/img/the-grand-budapest-hotel-poster.jpg"
            width="218"
          />
        </div>
        <div
          className="movie-card__desc"
        >
          <nav
            className="movie-nav movie-card__nav"
          >
            <ul
              className="movie-nav__list"
            >
              <li
                className="movie-nav__item movie-nav__item--active"
              >
                <a
                  className="movie-nav__link"
                  href="#"
                  onClick={[Function]}
                >
                  Overview
                </a>
              </li>
              <li
                className="movie-nav__item "
              >
                <a
                  className="movie-nav__link"
                  href="#"
                  onClick={[Function]}
                >
                  Details
                </a>
              </li>
              <li
                className="movie-nav__item "
              >
                <a
                  className="movie-nav__link"
                  href="#"
                  onClick={[Function]}
                >
                  Reviews
                </a>
              </li>
            </ul>
          </nav>
          <div
            className="movie-rating"
          >
            <div
              className="movie-rating__score"
            >
              8.9
            </div>
            <p
              className="movie-rating__meta"
            >
              <span
                className="movie-rating__level"
              >
                Very good
              </span>
              <span
                className="movie-rating__count"
              >
                240
                 ratings
              </span>
            </p>
          </div>
          <div
            className="movie-card__text"
          >
            In the 1930s, the Grand Budapest Hotel is a popular European ski resort, presided over by concierge Gustave H. (Ralph Fiennes). Zero, a junior lobby boy, becomes Gustave's friend and protege.
            <p
              className="movie-card__director"
            >
              <strong>
                Wes Andreson
              </strong>
            </p>
            <p
              className="movie-card__starring"
            >
              <strong>
                Bill Murray, Edward Norton, Jude Law, Willem Dafoe
                 and other
              </strong>
            </p>
          </div>
        </div>
      </div>
    </div>
  </section>,
  <div
    className="page-content"
  >
    <section
      className="catalog catalog--like-this"
    >
      <h2
        className="catalog__title"
      >
        More like this
      </h2>
      <div
        className="catalog__movies-list"
      >
        <article
          className="small-movie-card catalog_movies-card"
          onClick={[Function]}
          onMouseOut={[Function]}
          onMouseOver={[Function]}
        >
          <div
            className="small-movie-card__image"
          >
            <video
              height="175"
              poster="/img/the-grand-budapest-hotel-poster.jpg"
              src="https://download.blender.org/durian/trailer/sintel_trailer-480p.mp4"
              width="280"
            />
          </div>
          <h3
            className="small-movie-card__title"
          >
            <a
              className="small-movie-card__link"
              href="/films/2"
              onClick={[Function]}
            >
              Bohemian Rhapsody
            </a>
          </h3>
        </article>
      </div>
    </section>
    <footer
      className="page-footer"
    >
      <div
        className="logo"
      >
        <a
          className="logo__link logo__link--light"
        >
          <span
            className="logo__letter logo__letter--1"
          >
            W
          </span>
          <span
            className="logo__letter logo__letter--2"
          >
            T
          </span>
          <span
            className="logo__letter logo__letter--3"
          >
            W
          </span>
        </a>
      </div>
      <div
        className="copyright"
      >
        <p>
          Â© 2019 What to watch Ltd.
        </p>
      </div>
    </footer>
  </div>,
]
`;
