// Jest Snapshot v1, https://goo.gl/fbAQLP

exports[`render Footer 1`] = `
<div
  className="user-page"
>
  <h1
    className="page-title user-page__title"
  >
    loading!
  </h1>
</div>
`;
